../Core/Src/main.c:108:5:main	8	static
../Core/Src/main.c:199:6:SystemClock_Config	128	static
../Core/Src/main.c:249:13:MX_ADC1_Init	48	static
../Core/Src/main.c:315:13:MX_ADC2_Init	32	static
../Core/Src/main.c:372:13:MX_TIM1_Init	112	static
../Core/Src/main.c:452:13:MX_USART2_UART_Init	8	static
../Core/Src/main.c:487:13:MX_GPIO_Init	48	static
../Core/Src/main.c:557:6:ChargeProcessTask	16	static
../Core/Src/main.c:575:6:StatusTask	16	static
../Core/Src/main.c:593:6:ReadCpTask	16	static
../Core/Src/main.c:611:6:ModbusTask	16	static
../Core/Src/main.c:626:6:Error_Handler	4	static,ignoring_inline_asm
